Starting CV test...
32 threads should print out in reverse order 5 times.
Thread 31
Thread 30
Thread 29
Thread 28
Thread 27
Thread 26
Thread 25
Thread 24
Thread 23
Thread 22
Thread 21
Thread 20
Thread 19
Thread 18
Thread 17
Thread 16
Thread 15
Thread 14
Thread 13
Thread 12
Thread 11
Thread 10
Thread 9
Thread 8
Thread 7
Thread 6
Thread 5
Thread 4
Thread 3
Thread 2
Thread 1
Thread 0
Thread 31
Thread 30
Thread 29
Thread 28
Thread 27
Thread 26
Thread 25
Thread 24
Thread 23
Thread 22
Thread 21
Thread 20
Thread 19
Thread 18
Thread 17
Thread 16
Thread 15
Thread 14
Thread 13
Thread 12
Thread 11
Thread 10
Thread 9
Thread 8
Thread 7
Thread 6
Thread 5
Thread 4
Thread 3
Thread 2
Thread 1
Thread 0
Thread 31
Thread 30
Thread 29
Thread 28
Thread 27
Thread 26
Thread 25
Thread 24
Thread 23
Thread 22
Thread 21
Thread 20
Thread 19
Thread 18
Thread 17
Thread 16
Thread 15
Thread 14
Thread 13
Thread 12
Thread 11
Thread 10
Thread 9
Thread 8
Thread 7
Thread 6
Thread 5
Thread 4
Thread 3
Thread 2
Thread 1
Thread 0
Thread 31
Thread 30
Thread 29
Thread 28
Thread 27
Thread 26
Thread 25
Thread 24
Thread 23
Thread 22
Thread 21
Thread 20
Thread 19
Thread 18
Thread 17
Thread 16
Thread 15
Thread 14
Thread 13
Thread 12
Thread 11
Thread 10
Thread 9
Thread 8
Thread 7
Thread 6
Thread 5
Thread 4
Thread 3
Thread 2
Thread 1
Thread 0
Thread 31
Thread 30
Thread 29
Thread 28
Thread 27
Thread 26
Thread 25
Thread 24
Thread 23
Thread 22
Thread 21
Thread 20
Thread 19
Thread 18
Thread 17
Thread 16
Thread 15
Thread 14
Thread 13
Thread 12
Thread 11
Thread 10
Thread 9
Thread 8
Thread 7
Thread 6
Thread 5
Thread 4
Thread 3
Thread 2
Thread 1
Thread 0
cleanitems: Destroying sems, locks, and cvs
CV test done
